  ▲ Next.js 14.2.5

   Creating an optimized production build ...
 ⚠ Attempted to load @next/swc-win32-x64-msvc, but an error occurred: \\?\C:\Users\q2apo\Desktop\newsite111\node_modules\@next\swc-win32-x64-msvc\next-swc.win32-x64-msvc.node is not a valid Win32 application.
\\?\C:\Users\q2apo\Desktop\newsite111\node_modules\@next\swc-win32-x64-msvc\next-swc.win32-x64-msvc.node
 ⨯ Failed to load SWC binary for win32/x64, see more info here: https://nextjs.org/docs/messages/failed-loading-swc
